{"logTime": "0602/075222", "correlationVector":"vJX/OnmOTzFmF76hAzLalK.1","action":"SyncServerConnectionManagerRequest", "result":"SYNC_SERVER_OK", "context":{"environment":"Prod_southeastasia_prod-s01-064-apac-southeastasia", "migrationStage":"NotStarted", "server":"akswtt008000030"}}
{"logTime": "0602/075222", "correlationVector":"vJX/OnmOTzFmF76hAzLalK.2","action":"ProcessGetUpdates", "result":"Done", "context":{"dataType":"Encryption Keys", "deleted":"0", "process_failed_to_decrypt":"0", "process_pending_decryption":"0", "process_success":"1", "total":"1"}}
{"logTime": "0602/075223", "correlationVector":"AgqR0NytOJrrT1CA41hkLc","action":"SyncServerConnectionManagerRequest", "result":"SYNC_SERVER_OK", "context":{"environment":"", "migrationStage":"", "server":""}}
{"logTime": "0602/075223", "correlationVector":"AgqR0NytOJrrT1CA41hkLc.0","action":"EncryptionKeysFetcher.DownloadKeys:", "result":"Success", "context":Key count: 5, Last key timestamp: 2025-02-22T10:13:02Z}
{"logTime": "0602/075223", "correlationVector":"AgqR0NytOJrrT1CA41hkLc.1","action":"EncryptionKeysManager::SetEncryptionKeys:", "result":"Success", "context":Key names[5]:[7R0aKWoVJpMXWjMETnS0MwZCWb/huxfn2JZ5AHHn5af/L1unITs4K77aPl/o2CeyWQOV91iA55fzmUdF49UoqA==][535kJ2rQqC+9pFz3qc98Sme16wbindar8btLSnKyr281Z8t3P91Ipjyg652sY4ixqdySRnuGZDunLU6GGbTKrA==][0SEeSUcUTk4n8yWYVzspvcs2Mvgt1khISdYXf1zaBi6ZfxsTOVGDCmo3uaiRRZ24qAyVY9oGGzWCtFHOeig7hw==][SKEsNGmE+B718WWco9SoirjuzE+yMYr5GWijVGIDh3Ic4t+pwBprgK68rV4io3PojKDzpdubxK41llFzlqTnIw==][aPdgSuBBjaNV81NQR2XJwFurd7Is2GWL4RYuVNwDodPkStyGm+Agohwrs3GDtLCd5hV7YOCFvq6dRUDpavCojQ==]}
{"logTime": "0602/075223", "correlationVector":"AgqR0NytOJrrT1CA41hkLc.2","action":"EncryptionKeysManager::SetEncryptionKeysWithTimestamps:", "result":"Success", "context":Key timestamps[5]:[2023-02-28T14:15:29Z][2023-08-30T10:52:48Z][2024-02-27T02:15:30Z][2024-08-26T06:05:47Z][2025-02-22T10:13:02Z]}
{"logTime": "0602/075223", "correlationVector":"vJX/OnmOTzFmF76hAzLalK","action":"Initial GetUpdates", "result":"", "context":Reason: NEW_CLIENT. cV=vJX/OnmOTzFmF76hAzLalK}
{"logTime": "0602/075223", "correlationVector":"vJX/OnmOTzFmF76hAzLalK.3","action":"GetUpdates Response", "result":"Success", "context":Received 1 update(s). cV=vJX/OnmOTzFmF76hAzLalK.0;server=akswtt008000030;cloudType=Consumer;environment=Prod_southeastasia_prod-s01-064-apac-southeastasia;migrationStage=NotStarted}
{"logTime": "0602/075223", "correlationVector":"ZIZyQJaYbFuRDEVfSJDRTG","action":"Initial GetUpdates", "result":"", "context":Reason: NEWLY_SUPPORTED_DATATYPE. cV=ZIZyQJaYbFuRDEVfSJDRTG}
{"logTime": "0602/075225", "correlationVector":"ZIZyQJaYbFuRDEVfSJDRTG.1","action":"SyncServerConnectionManagerRequest", "result":"SYNC_SERVER_OK", "context":{"environment":"Prod_southeastasia_prod-s01-065-apac-southeastasia", "migrationStage":"NotStarted", "server":"akswtt00800001d"}}
{"logTime": "0602/075225", "correlationVector":"ZIZyQJaYbFuRDEVfSJDRTG.2","action":"ProcessGetUpdates", "result":"Done", "context":{"dataType":"Preferences", "deleted":"6", "process_failed_to_decrypt":"0", "process_pending_decryption":"0", "process_success":"82", "total":"82"}}
{"logTime": "0602/075225", "correlationVector":"ZIZyQJaYbFuRDEVfSJDRTG.3","action":"ProcessGetUpdates", "result":"Done", "context":{"dataType":"Passwords", "deleted":"1", "process_failed_to_decrypt":"0", "process_pending_decryption":"0", "process_success":"20", "total":"20"}}
{"logTime": "0602/075225", "correlationVector":"ZIZyQJaYbFuRDEVfSJDRTG.4","action":"ProcessGetUpdates", "result":"Done", "context":{"dataType":"Device Info", "deleted":"0", "process_failed_to_decrypt":"0", "process_pending_decryption":"0", "process_success":"4", "total":"4"}}
{"logTime": "0602/075225", "correlationVector":"ZIZyQJaYbFuRDEVfSJDRTG.5","action":"GetUpdates Response", "result":"Success", "context":Received 106 update(s). cV=ZIZyQJaYbFuRDEVfSJDRTG.0;server=akswtt00800001d;cloudType=Consumer;environment=Prod_southeastasia_prod-s01-065-apac-southeastasia;migrationStage=NotStarted}
{"logTime": "0602/075225", "correlationVector":"RHyyB0ajiDQ7Ewsyyoh3Vm","action":"Initial GetUpdates", "result":"", "context":Reason: NEWLY_SUPPORTED_DATATYPE. cV=RHyyB0ajiDQ7Ewsyyoh3Vm}
{"logTime": "0602/075225", "correlationVector":"RHyyB0ajiDQ7Ewsyyoh3Vm.1","action":"SyncServerConnectionManagerRequest", "result":"SYNC_SERVER_OK", "context":{"environment":"Prod_southeastasia_prod-s01-065-apac-southeastasia", "migrationStage":"NotStarted", "server":"akswtt00800001z"}}
{"logTime": "0602/075225", "correlationVector":"RHyyB0ajiDQ7Ewsyyoh3Vm.2","action":"ProcessGetUpdates", "result":"Done", "context":{"dataType":"Bookmarks", "deleted":"7", "process_failed_to_decrypt":"0", "process_pending_decryption":"0", "process_success":"14", "total":"14"}}
{"logTime": "0602/075225", "correlationVector":"RHyyB0ajiDQ7Ewsyyoh3Vm.3","action":"GetUpdates Response", "result":"Success", "context":Received 14 update(s). cV=RHyyB0ajiDQ7Ewsyyoh3Vm.0;server=akswtt00800001z;cloudType=Consumer;environment=Prod_southeastasia_prod-s01-065-apac-southeastasia;migrationStage=NotStarted}
{"logTime": "0602/075225", "correlationVector":"Wjvu1eJrCXayr3GpZOKrSJ","action":"Initial GetUpdates", "result":"", "context":Reason: NEWLY_SUPPORTED_DATATYPE. cV=Wjvu1eJrCXayr3GpZOKrSJ}
{"logTime": "0602/075227", "correlationVector":"Wjvu1eJrCXayr3GpZOKrSJ.1","action":"SyncServerConnectionManagerRequest", "result":"SYNC_SERVER_OK", "context":{"environment":"Prod_southeastasia_prod-s01-065-apac-southeastasia", "migrationStage":"NotStarted", "server":"akswtt00800000d"}}
{"logTime": "0602/075227", "correlationVector":"Wjvu1eJrCXayr3GpZOKrSJ.2","action":"ProcessGetUpdates", "result":"Done", "context":{"dataType":"Autofill Profiles", "deleted":"1", "process_failed_to_decrypt":"0", "process_pending_decryption":"0", "process_success":"8", "total":"8"}}
{"logTime": "0602/075227", "correlationVector":"Wjvu1eJrCXayr3GpZOKrSJ.3","action":"ProcessGetUpdates", "result":"Done", "context":{"dataType":"Autofill", "deleted":"0", "process_failed_to_decrypt":"0", "process_pending_decryption":"0", "process_success":"128", "total":"128"}}
{"logTime": "0602/075227", "correlationVector":"Wjvu1eJrCXayr3GpZOKrSJ.4","action":"ProcessGetUpdates", "result":"Done", "context":{"dataType":"Extensions", "deleted":"1", "process_failed_to_decrypt":"0", "process_pending_decryption":"0", "process_success":"1", "total":"1"}}
{"logTime": "0602/075227", "correlationVector":"Wjvu1eJrCXayr3GpZOKrSJ.5","action":"ProcessGetUpdates", "result":"Done", "context":{"dataType":"Sessions", "deleted":"100", "process_failed_to_decrypt":"0", "process_pending_decryption":"0", "process_success":"100", "total":"100"}}
{"logTime": "0602/075227", "correlationVector":"Wjvu1eJrCXayr3GpZOKrSJ.6","action":"ProcessGetUpdates", "result":"Done", "context":{"dataType":"Edge Hub App Usage", "deleted":"8", "process_failed_to_decrypt":"0", "process_pending_decryption":"0", "process_success":"13", "total":"13"}}
{"logTime": "0602/075227", "correlationVector":"Wjvu1eJrCXayr3GpZOKrSJ.7","action":"GetUpdates Response", "result":"Success", "context":Received 250 update(s). cV=Wjvu1eJrCXayr3GpZOKrSJ.0;server=akswtt00800000d;cloudType=Consumer;environment=Prod_southeastasia_prod-s01-065-apac-southeastasia;migrationStage=NotStarted Some updates remain.}
{"logTime": "0602/075227", "correlationVector":"iWnaKXpgP0G11qtCzBzALu","action":"Initial GetUpdates", "result":"", "context":Reason: NEWLY_SUPPORTED_DATATYPE. cV=iWnaKXpgP0G11qtCzBzALu}
{"logTime": "0602/075228", "correlationVector":"iWnaKXpgP0G11qtCzBzALu.1","action":"SyncServerConnectionManagerRequest", "result":"SYNC_SERVER_OK", "context":{"environment":"Prod_southeastasia_prod-s01-065-apac-southeastasia", "migrationStage":"NotStarted", "server":"akswtt00800001x"}}
{"logTime": "0602/075228", "correlationVector":"iWnaKXpgP0G11qtCzBzALu.2","action":"ProcessGetUpdates", "result":"Done", "context":{"dataType":"Autofill Profiles", "deleted":"0", "process_failed_to_decrypt":"0", "process_pending_decryption":"0", "process_success":"1", "total":"1"}}
{"logTime": "0602/075228", "correlationVector":"iWnaKXpgP0G11qtCzBzALu.3","action":"ProcessGetUpdates", "result":"Done", "context":{"dataType":"Autofill", "deleted":"0", "process_failed_to_decrypt":"0", "process_pending_decryption":"0", "process_success":"4", "total":"4"}}
{"logTime": "0602/075228", "correlationVector":"iWnaKXpgP0G11qtCzBzALu.4","action":"ProcessGetUpdates", "result":"Done", "context":{"dataType":"Sessions", "deleted":"228", "process_failed_to_decrypt":"0", "process_pending_decryption":"0", "process_success":"228", "total":"228"}}
{"logTime": "0602/075228", "correlationVector":"iWnaKXpgP0G11qtCzBzALu.5","action":"ProcessGetUpdates", "result":"Done", "context":{"dataType":"Edge Hub App Usage", "deleted":"8", "process_failed_to_decrypt":"0", "process_pending_decryption":"0", "process_success":"17", "total":"17"}}
{"logTime": "0602/075228", "correlationVector":"iWnaKXpgP0G11qtCzBzALu.6","action":"GetUpdates Response", "result":"Success", "context":Received 250 update(s). cV=iWnaKXpgP0G11qtCzBzALu.0;server=akswtt00800001x;cloudType=Consumer;environment=Prod_southeastasia_prod-s01-065-apac-southeastasia;migrationStage=NotStarted Some updates remain.}
{"logTime": "0602/075228", "correlationVector":"NIcgfNjG9SiOcAnrXe4qkd","action":"Initial GetUpdates", "result":"", "context":Reason: NEWLY_SUPPORTED_DATATYPE. cV=NIcgfNjG9SiOcAnrXe4qkd}
{"logTime": "0602/075229", "correlationVector":"NIcgfNjG9SiOcAnrXe4qkd.1","action":"SyncServerConnectionManagerRequest", "result":"SYNC_SERVER_OK", "context":{"environment":"Prod_southeastasia_prod-s01-065-apac-southeastasia", "migrationStage":"NotStarted", "server":"akswtt008000029"}}
{"logTime": "0602/075229", "correlationVector":"NIcgfNjG9SiOcAnrXe4qkd.2","action":"ProcessGetUpdates", "result":"Done", "context":{"dataType":"Autofill Profiles", "deleted":"0", "process_failed_to_decrypt":"0", "process_pending_decryption":"0", "process_success":"1", "total":"1"}}
{"logTime": "0602/075229", "correlationVector":"NIcgfNjG9SiOcAnrXe4qkd.3","action":"ProcessGetUpdates", "result":"Done", "context":{"dataType":"Autofill", "deleted":"0", "process_failed_to_decrypt":"0", "process_pending_decryption":"0", "process_success":"3", "total":"3"}}
{"logTime": "0602/075229", "correlationVector":"NIcgfNjG9SiOcAnrXe4qkd.4","action":"ProcessGetUpdates", "result":"Done", "context":{"dataType":"Sessions", "deleted":"218", "process_failed_to_decrypt":"0", "process_pending_decryption":"0", "process_success":"218", "total":"218"}}
{"logTime": "0602/075229", "correlationVector":"NIcgfNjG9SiOcAnrXe4qkd.5","action":"ProcessGetUpdates", "result":"Done", "context":{"dataType":"Edge Hub App Usage", "deleted":"24", "process_failed_to_decrypt":"0", "process_pending_decryption":"0", "process_success":"28", "total":"28"}}
{"logTime": "0602/075229", "correlationVector":"NIcgfNjG9SiOcAnrXe4qkd.6","action":"GetUpdates Response", "result":"Success", "context":Received 250 update(s). cV=NIcgfNjG9SiOcAnrXe4qkd.0;server=akswtt008000029;cloudType=Consumer;environment=Prod_southeastasia_prod-s01-065-apac-southeastasia;migrationStage=NotStarted Some updates remain.}
{"logTime": "0602/075229", "correlationVector":"z+JPakizOC5TI3jxxrsNDK","action":"Initial GetUpdates", "result":"", "context":Reason: NEWLY_SUPPORTED_DATATYPE. cV=z+JPakizOC5TI3jxxrsNDK}
{"logTime": "0602/075230", "correlationVector":"z+JPakizOC5TI3jxxrsNDK.1","action":"SyncServerConnectionManagerRequest", "result":"SYNC_SERVER_OK", "context":{"environment":"Prod_southeastasia_prod-s01-065-apac-southeastasia", "migrationStage":"NotStarted", "server":"akswtt00800002e"}}
{"logTime": "0602/075230", "correlationVector":"z+JPakizOC5TI3jxxrsNDK.2","action":"ProcessGetUpdates", "result":"Done", "context":{"dataType":"Autofill", "deleted":"0", "process_failed_to_decrypt":"0", "process_pending_decryption":"0", "process_success":"9", "total":"9"}}
{"logTime": "0602/075230", "correlationVector":"z+JPakizOC5TI3jxxrsNDK.3","action":"ProcessGetUpdates", "result":"Done", "context":{"dataType":"Extensions", "deleted":"0", "process_failed_to_decrypt":"0", "process_pending_decryption":"0", "process_success":"1", "total":"1"}}
{"logTime": "0602/075230", "correlationVector":"z+JPakizOC5TI3jxxrsNDK.4","action":"ProcessGetUpdates", "result":"Done", "context":{"dataType":"Sessions", "deleted":"188", "process_failed_to_decrypt":"0", "process_pending_decryption":"0", "process_success":"188", "total":"188"}}
{"logTime": "0602/075230", "correlationVector":"z+JPakizOC5TI3jxxrsNDK.5","action":"ProcessGetUpdates", "result":"Done", "context":{"dataType":"Edge Hub App Usage", "deleted":"45", "process_failed_to_decrypt":"0", "process_pending_decryption":"0", "process_success":"52", "total":"52"}}
{"logTime": "0602/075230", "correlationVector":"z+JPakizOC5TI3jxxrsNDK.6","action":"GetUpdates Response", "result":"Success", "context":Received 250 update(s). cV=z+JPakizOC5TI3jxxrsNDK.0;server=akswtt00800002e;cloudType=Consumer;environment=Prod_southeastasia_prod-s01-065-apac-southeastasia;migrationStage=NotStarted Some updates remain.}
{"logTime": "0602/075230", "correlationVector":"/DMIhwR4Fs1DzaGutEd/S3","action":"Initial GetUpdates", "result":"", "context":Reason: NEWLY_SUPPORTED_DATATYPE. cV=/DMIhwR4Fs1DzaGutEd/S3}
{"logTime": "0602/075232", "correlationVector":"/DMIhwR4Fs1DzaGutEd/S3.1","action":"SyncServerConnectionManagerRequest", "result":"SYNC_SERVER_OK", "context":{"environment":"Prod_southeastasia_prod-s01-065-apac-southeastasia", "migrationStage":"NotStarted", "server":"akswtt00800002r"}}
{"logTime": "0602/075232", "correlationVector":"/DMIhwR4Fs1DzaGutEd/S3.2","action":"ProcessGetUpdates", "result":"Done", "context":{"dataType":"Autofill Profiles", "deleted":"0", "process_failed_to_decrypt":"0", "process_pending_decryption":"0", "process_success":"1", "total":"1"}}
{"logTime": "0602/075232", "correlationVector":"/DMIhwR4Fs1DzaGutEd/S3.3","action":"ProcessGetUpdates", "result":"Done", "context":{"dataType":"Autofill", "deleted":"0", "process_failed_to_decrypt":"0", "process_pending_decryption":"0", "process_success":"7", "total":"7"}}
{"logTime": "0602/075232", "correlationVector":"/DMIhwR4Fs1DzaGutEd/S3.4","action":"ProcessGetUpdates", "result":"Done", "context":{"dataType":"Extensions", "deleted":"0", "process_failed_to_decrypt":"0", "process_pending_decryption":"0", "process_success":"1", "total":"1"}}
{"logTime": "0602/075232", "correlationVector":"/DMIhwR4Fs1DzaGutEd/S3.5","action":"ProcessGetUpdates", "result":"Done", "context":{"dataType":"Sessions", "deleted":"225", "process_failed_to_decrypt":"0", "process_pending_decryption":"0", "process_success":"225", "total":"225"}}
{"logTime": "0602/075232", "correlationVector":"/DMIhwR4Fs1DzaGutEd/S3.6","action":"ProcessGetUpdates", "result":"Done", "context":{"dataType":"Edge Hub App Usage", "deleted":"1", "process_failed_to_decrypt":"0", "process_pending_decryption":"0", "process_success":"16", "total":"16"}}
{"logTime": "0602/075232", "correlationVector":"/DMIhwR4Fs1DzaGutEd/S3.7","action":"GetUpdates Response", "result":"Success", "context":Received 250 update(s). cV=/DMIhwR4Fs1DzaGutEd/S3.0;server=akswtt00800002r;cloudType=Consumer;environment=Prod_southeastasia_prod-s01-065-apac-southeastasia;migrationStage=NotStarted Some updates remain.}
{"logTime": "0602/075232", "correlationVector":"MGj6eDssutjk/332UAUP8p","action":"Initial GetUpdates", "result":"", "context":Reason: NEWLY_SUPPORTED_DATATYPE. cV=MGj6eDssutjk/332UAUP8p}
{"logTime": "0602/075232", "correlationVector":"MGj6eDssutjk/332UAUP8p.1","action":"SyncServerConnectionManagerRequest", "result":"SYNC_SERVER_OK", "context":{"environment":"Prod_southeastasia_prod-s01-065-apac-southeastasia", "migrationStage":"NotStarted", "server":"akswtt008000029"}}
{"logTime": "0602/075232", "correlationVector":"MGj6eDssutjk/332UAUP8p.2","action":"ProcessGetUpdates", "result":"Done", "context":{"dataType":"Autofill Profiles", "deleted":"0", "process_failed_to_decrypt":"0", "process_pending_decryption":"0", "process_success":"2", "total":"2"}}
{"logTime": "0602/075232", "correlationVector":"MGj6eDssutjk/332UAUP8p.3","action":"ProcessGetUpdates", "result":"Done", "context":{"dataType":"Autofill", "deleted":"0", "process_failed_to_decrypt":"0", "process_pending_decryption":"0", "process_success":"10", "total":"10"}}
{"logTime": "0602/075232", "correlationVector":"MGj6eDssutjk/332UAUP8p.4","action":"ProcessGetUpdates", "result":"Done", "context":{"dataType":"Sessions", "deleted":"192", "process_failed_to_decrypt":"0", "process_pending_decryption":"0", "process_success":"192", "total":"192"}}
{"logTime": "0602/075232", "correlationVector":"MGj6eDssutjk/332UAUP8p.5","action":"ProcessGetUpdates", "result":"Done", "context":{"dataType":"Edge Hub App Usage", "deleted":"33", "process_failed_to_decrypt":"0", "process_pending_decryption":"0", "process_success":"46", "total":"46"}}
{"logTime": "0602/075232", "correlationVector":"MGj6eDssutjk/332UAUP8p.6","action":"GetUpdates Response", "result":"Success", "context":Received 250 update(s). cV=MGj6eDssutjk/332UAUP8p.0;server=akswtt008000029;cloudType=Consumer;environment=Prod_southeastasia_prod-s01-065-apac-southeastasia;migrationStage=NotStarted Some updates remain.}
{"logTime": "0602/075232", "correlationVector":"2nzw3O5mj5kQCH31voQsf/","action":"Initial GetUpdates", "result":"", "context":Reason: NEWLY_SUPPORTED_DATATYPE. cV=2nzw3O5mj5kQCH31voQsf/}
{"logTime": "0602/075233", "correlationVector":"2nzw3O5mj5kQCH31voQsf/.1","action":"SyncServerConnectionManagerRequest", "result":"SYNC_SERVER_OK", "context":{"environment":"Prod_southeastasia_prod-s01-065-apac-southeastasia", "migrationStage":"NotStarted", "server":"akswtt00800003m"}}
{"logTime": "0602/075233", "correlationVector":"2nzw3O5mj5kQCH31voQsf/.2","action":"ProcessGetUpdates", "result":"Done", "context":{"dataType":"Autofill Profiles", "deleted":"1", "process_failed_to_decrypt":"0", "process_pending_decryption":"0", "process_success":"3", "total":"3"}}
{"logTime": "0602/075233", "correlationVector":"2nzw3O5mj5kQCH31voQsf/.3","action":"ProcessGetUpdates", "result":"Done", "context":{"dataType":"Autofill", "deleted":"0", "process_failed_to_decrypt":"0", "process_pending_decryption":"0", "process_success":"9", "total":"9"}}
{"logTime": "0602/075233", "correlationVector":"2nzw3O5mj5kQCH31voQsf/.4","action":"ProcessGetUpdates", "result":"Done", "context":{"dataType":"Extensions", "deleted":"0", "process_failed_to_decrypt":"0", "process_pending_decryption":"0", "process_success":"1", "total":"1"}}
{"logTime": "0602/075233", "correlationVector":"2nzw3O5mj5kQCH31voQsf/.5","action":"ProcessGetUpdates", "result":"Done", "context":{"dataType":"Sessions", "deleted":"220", "process_failed_to_decrypt":"0", "process_pending_decryption":"0", "process_success":"220", "total":"220"}}
{"logTime": "0602/075233", "correlationVector":"2nzw3O5mj5kQCH31voQsf/.6","action":"ProcessGetUpdates", "result":"Done", "context":{"dataType":"Edge Hub App Usage", "deleted":"4", "process_failed_to_decrypt":"0", "process_pending_decryption":"0", "process_success":"17", "total":"17"}}
{"logTime": "0602/075233", "correlationVector":"2nzw3O5mj5kQCH31voQsf/.7","action":"GetUpdates Response", "result":"Success", "context":Received 250 update(s). cV=2nzw3O5mj5kQCH31voQsf/.0;server=akswtt00800003m;cloudType=Consumer;environment=Prod_southeastasia_prod-s01-065-apac-southeastasia;migrationStage=NotStarted Some updates remain.}
{"logTime": "0602/075233", "correlationVector":"/q8gtIIsWIaEOnepiVgKYR","action":"Initial GetUpdates", "result":"", "context":Reason: NEWLY_SUPPORTED_DATATYPE. cV=/q8gtIIsWIaEOnepiVgKYR}
{"logTime": "0602/075234", "correlationVector":"/q8gtIIsWIaEOnepiVgKYR.1","action":"SyncServerConnectionManagerRequest", "result":"SYNC_SERVER_OK", "context":{"environment":"Prod_southeastasia_prod-s01-065-apac-southeastasia", "migrationStage":"NotStarted", "server":"akswtt00800002w"}}
{"logTime": "0602/075234", "correlationVector":"/q8gtIIsWIaEOnepiVgKYR.2","action":"ProcessGetUpdates", "result":"Done", "context":{"dataType":"Autofill Profiles", "deleted":"0", "process_failed_to_decrypt":"0", "process_pending_decryption":"0", "process_success":"1", "total":"1"}}
{"logTime": "0602/075234", "correlationVector":"/q8gtIIsWIaEOnepiVgKYR.3","action":"ProcessGetUpdates", "result":"Done", "context":{"dataType":"Autofill", "deleted":"0", "process_failed_to_decrypt":"0", "process_pending_decryption":"0", "process_success":"2", "total":"2"}}
{"logTime": "0602/075234", "correlationVector":"/q8gtIIsWIaEOnepiVgKYR.4","action":"ProcessGetUpdates", "result":"Done", "context":{"dataType":"Sessions", "deleted":"85", "process_failed_to_decrypt":"0", "process_pending_decryption":"0", "process_success":"90", "total":"90"}}
{"logTime": "0602/075234", "correlationVector":"/q8gtIIsWIaEOnepiVgKYR.5","action":"ProcessGetUpdates", "result":"Done", "context":{"dataType":"Edge Hub App Usage", "deleted":"0", "process_failed_to_decrypt":"0", "process_pending_decryption":"0", "process_success":"1", "total":"1"}}
{"logTime": "0602/075234", "correlationVector":"/q8gtIIsWIaEOnepiVgKYR.6","action":"GetUpdates Response", "result":"Success", "context":Received 94 update(s). cV=/q8gtIIsWIaEOnepiVgKYR.0;server=akswtt00800002w;cloudType=Consumer;environment=Prod_southeastasia_prod-s01-065-apac-southeastasia;migrationStage=NotStarted}
{"logTime": "0602/075234", "correlationVector":"bHa87f/dap0LBda/bXnlqB","action":"Initial GetUpdates", "result":"", "context":Reason: NEWLY_SUPPORTED_DATATYPE. cV=bHa87f/dap0LBda/bXnlqB}
{"logTime": "0602/075235", "correlationVector":"bHa87f/dap0LBda/bXnlqB.1","action":"SyncServerConnectionManagerRequest", "result":"SYNC_SERVER_OK", "context":{"environment":"Prod_southeastasia_prod-s01-065-apac-southeastasia", "migrationStage":"NotStarted", "server":"akswtt00800001p"}}
{"logTime": "0602/075235", "correlationVector":"bHa87f/dap0LBda/bXnlqB.2","action":"ProcessGetUpdates", "result":"Done", "context":{"dataType":"History", "deleted":"0", "process_failed_to_decrypt":"0", "process_pending_decryption":"0", "process_success":"250", "total":"250"}}
{"logTime": "0602/075235", "correlationVector":"bHa87f/dap0LBda/bXnlqB.3","action":"GetUpdates Response", "result":"Success", "context":Received 250 update(s). cV=bHa87f/dap0LBda/bXnlqB.0;server=akswtt00800001p;cloudType=Consumer;environment=Prod_southeastasia_prod-s01-065-apac-southeastasia;migrationStage=NotStarted Some updates remain.}
{"logTime": "0602/075235", "correlationVector":"F0FoypL1ev+qJdhZcR87q0","action":"Initial GetUpdates", "result":"", "context":Reason: NEWLY_SUPPORTED_DATATYPE. cV=F0FoypL1ev+qJdhZcR87q0}
{"logTime": "0602/075236", "correlationVector":"F0FoypL1ev+qJdhZcR87q0.1","action":"SyncServerConnectionManagerRequest", "result":"SYNC_SERVER_OK", "context":{"environment":"Prod_southeastasia_prod-s01-065-apac-southeastasia", "migrationStage":"NotStarted", "server":"akswtt008000014"}}
{"logTime": "0602/075236", "correlationVector":"F0FoypL1ev+qJdhZcR87q0.2","action":"ProcessGetUpdates", "result":"Done", "context":{"dataType":"History", "deleted":"0", "process_failed_to_decrypt":"0", "process_pending_decryption":"0", "process_success":"250", "total":"250"}}
{"logTime": "0602/075236", "correlationVector":"F0FoypL1ev+qJdhZcR87q0.3","action":"GetUpdates Response", "result":"Success", "context":Received 250 update(s). cV=F0FoypL1ev+qJdhZcR87q0.0;server=akswtt008000014;cloudType=Consumer;environment=Prod_southeastasia_prod-s01-065-apac-southeastasia;migrationStage=NotStarted Some updates remain.}
{"logTime": "0602/075236", "correlationVector":"SqgDgiylLw03F9LvjaSs1K","action":"Initial GetUpdates", "result":"", "context":Reason: NEWLY_SUPPORTED_DATATYPE. cV=SqgDgiylLw03F9LvjaSs1K}
{"logTime": "0602/075246", "correlationVector":"SqgDgiylLw03F9LvjaSs1K.1","action":"SyncServerConnectionManagerRequest", "result":"SYNC_SERVER_OK", "context":{"environment":"Prod_southeastasia_prod-s01-065-apac-southeastasia", "migrationStage":"NotStarted", "server":"akswtt00800000a"}}
{"logTime": "0602/075246", "correlationVector":"SqgDgiylLw03F9LvjaSs1K.2","action":"ProcessGetUpdates", "result":"Done", "context":{"dataType":"History", "deleted":"0", "process_failed_to_decrypt":"0", "process_pending_decryption":"0", "process_success":"250", "total":"250"}}
{"logTime": "0602/075246", "correlationVector":"SqgDgiylLw03F9LvjaSs1K.3","action":"GetUpdates Response", "result":"Success", "context":Received 250 update(s). cV=SqgDgiylLw03F9LvjaSs1K.0;server=akswtt00800000a;cloudType=Consumer;environment=Prod_southeastasia_prod-s01-065-apac-southeastasia;migrationStage=NotStarted Some updates remain.}
{"logTime": "0602/075246", "correlationVector":"ByDQjShJRdF2AFrGMgjFYi","action":"Initial GetUpdates", "result":"", "context":Reason: NEWLY_SUPPORTED_DATATYPE. cV=ByDQjShJRdF2AFrGMgjFYi}
{"logTime": "0602/075248", "correlationVector":"ByDQjShJRdF2AFrGMgjFYi.1","action":"SyncServerConnectionManagerRequest", "result":"SYNC_SERVER_OK", "context":{"environment":"Prod_southeastasia_prod-s01-065-apac-southeastasia", "migrationStage":"NotStarted", "server":"akswtt008000025"}}
{"logTime": "0602/075248", "correlationVector":"ByDQjShJRdF2AFrGMgjFYi.2","action":"ProcessGetUpdates", "result":"Done", "context":{"dataType":"History", "deleted":"0", "process_failed_to_decrypt":"0", "process_pending_decryption":"0", "process_success":"250", "total":"250"}}
{"logTime": "0602/075248", "correlationVector":"ByDQjShJRdF2AFrGMgjFYi.3","action":"GetUpdates Response", "result":"Success", "context":Received 250 update(s). cV=ByDQjShJRdF2AFrGMgjFYi.0;server=akswtt008000025;cloudType=Consumer;environment=Prod_southeastasia_prod-s01-065-apac-southeastasia;migrationStage=NotStarted Some updates remain.}
{"logTime": "0602/075248", "correlationVector":"uPc6lhE7seTrHbJc7L/BxS","action":"Initial GetUpdates", "result":"", "context":Reason: NEWLY_SUPPORTED_DATATYPE. cV=uPc6lhE7seTrHbJc7L/BxS}
{"logTime": "0602/075250", "correlationVector":"uPc6lhE7seTrHbJc7L/BxS.1","action":"SyncServerConnectionManagerRequest", "result":"SYNC_SERVER_OK", "context":{"environment":"Prod_southeastasia_prod-s01-065-apac-southeastasia", "migrationStage":"NotStarted", "server":"akswtt008000014"}}
{"logTime": "0602/075250", "correlationVector":"uPc6lhE7seTrHbJc7L/BxS.2","action":"ProcessGetUpdates", "result":"Done", "context":{"dataType":"History", "deleted":"0", "process_failed_to_decrypt":"0", "process_pending_decryption":"0", "process_success":"250", "total":"250"}}
{"logTime": "0602/075250", "correlationVector":"uPc6lhE7seTrHbJc7L/BxS.3","action":"GetUpdates Response", "result":"Success", "context":Received 250 update(s). cV=uPc6lhE7seTrHbJc7L/BxS.0;server=akswtt008000014;cloudType=Consumer;environment=Prod_southeastasia_prod-s01-065-apac-southeastasia;migrationStage=NotStarted Some updates remain.}
{"logTime": "0602/075250", "correlationVector":"MeLCOplaBHQhOmZ6hfqbCw","action":"Initial GetUpdates", "result":"", "context":Reason: NEWLY_SUPPORTED_DATATYPE. cV=MeLCOplaBHQhOmZ6hfqbCw}
{"logTime": "0602/075251", "correlationVector":"MeLCOplaBHQhOmZ6hfqbCw.1","action":"SyncServerConnectionManagerRequest", "result":"SYNC_SERVER_OK", "context":{"environment":"Prod_southeastasia_prod-s01-065-apac-southeastasia", "migrationStage":"NotStarted", "server":"akswtt008000025"}}
{"logTime": "0602/075251", "correlationVector":"MeLCOplaBHQhOmZ6hfqbCw.2","action":"ProcessGetUpdates", "result":"Done", "context":{"dataType":"History", "deleted":"0", "process_failed_to_decrypt":"0", "process_pending_decryption":"0", "process_success":"250", "total":"250"}}
{"logTime": "0602/075251", "correlationVector":"MeLCOplaBHQhOmZ6hfqbCw.3","action":"GetUpdates Response", "result":"Success", "context":Received 250 update(s). cV=MeLCOplaBHQhOmZ6hfqbCw.0;server=akswtt008000025;cloudType=Consumer;environment=Prod_southeastasia_prod-s01-065-apac-southeastasia;migrationStage=NotStarted Some updates remain.}
{"logTime": "0602/075251", "correlationVector":"NaYtrBD521kMSsm9nACq5W","action":"Initial GetUpdates", "result":"", "context":Reason: NEWLY_SUPPORTED_DATATYPE. cV=NaYtrBD521kMSsm9nACq5W}
{"logTime": "0602/075252", "correlationVector":"NaYtrBD521kMSsm9nACq5W.1","action":"SyncServerConnectionManagerRequest", "result":"SYNC_SERVER_OK", "context":{"environment":"Prod_southeastasia_prod-s01-065-apac-southeastasia", "migrationStage":"NotStarted", "server":"akswtt00800002w"}}
{"logTime": "0602/075252", "correlationVector":"NaYtrBD521kMSsm9nACq5W.2","action":"ProcessGetUpdates", "result":"Done", "context":{"dataType":"History", "deleted":"0", "process_failed_to_decrypt":"0", "process_pending_decryption":"0", "process_success":"250", "total":"250"}}
{"logTime": "0602/075252", "correlationVector":"NaYtrBD521kMSsm9nACq5W.3","action":"GetUpdates Response", "result":"Success", "context":Received 250 update(s). cV=NaYtrBD521kMSsm9nACq5W.0;server=akswtt00800002w;cloudType=Consumer;environment=Prod_southeastasia_prod-s01-065-apac-southeastasia;migrationStage=NotStarted Some updates remain.}
{"logTime": "0602/075252", "correlationVector":"77AlEMt4+bYssEQJShJ0YW","action":"Initial GetUpdates", "result":"", "context":Reason: NEWLY_SUPPORTED_DATATYPE. cV=77AlEMt4+bYssEQJShJ0YW}
{"logTime": "0602/075253", "correlationVector":"77AlEMt4+bYssEQJShJ0YW.1","action":"SyncServerConnectionManagerRequest", "result":"SYNC_SERVER_OK", "context":{"environment":"Prod_southeastasia_prod-s01-065-apac-southeastasia", "migrationStage":"NotStarted", "server":"akswtt00800002w"}}
{"logTime": "0602/075253", "correlationVector":"77AlEMt4+bYssEQJShJ0YW.2","action":"ProcessGetUpdates", "result":"Done", "context":{"dataType":"History", "deleted":"0", "process_failed_to_decrypt":"0", "process_pending_decryption":"0", "process_success":"250", "total":"250"}}
{"logTime": "0602/075253", "correlationVector":"77AlEMt4+bYssEQJShJ0YW.3","action":"GetUpdates Response", "result":"Success", "context":Received 250 update(s). cV=77AlEMt4+bYssEQJShJ0YW.0;server=akswtt00800002w;cloudType=Consumer;environment=Prod_southeastasia_prod-s01-065-apac-southeastasia;migrationStage=NotStarted Some updates remain.}
{"logTime": "0602/075253", "correlationVector":"ye7O30Ju7VNzTACk0VD1G/","action":"Initial GetUpdates", "result":"", "context":Reason: NEWLY_SUPPORTED_DATATYPE. cV=ye7O30Ju7VNzTACk0VD1G/}
{"logTime": "0602/075254", "correlationVector":"ye7O30Ju7VNzTACk0VD1G/.1","action":"SyncServerConnectionManagerRequest", "result":"SYNC_SERVER_OK", "context":{"environment":"Prod_southeastasia_prod-s01-065-apac-southeastasia", "migrationStage":"NotStarted", "server":"akswtt008000009"}}
{"logTime": "0602/075254", "correlationVector":"ye7O30Ju7VNzTACk0VD1G/.2","action":"ProcessGetUpdates", "result":"Done", "context":{"dataType":"History", "deleted":"0", "process_failed_to_decrypt":"0", "process_pending_decryption":"0", "process_success":"250", "total":"250"}}
{"logTime": "0602/075254", "correlationVector":"ye7O30Ju7VNzTACk0VD1G/.3","action":"GetUpdates Response", "result":"Success", "context":Received 250 update(s). cV=ye7O30Ju7VNzTACk0VD1G/.0;server=akswtt008000009;cloudType=Consumer;environment=Prod_southeastasia_prod-s01-065-apac-southeastasia;migrationStage=NotStarted Some updates remain.}
{"logTime": "0602/075254", "correlationVector":"yV/byVb/q01YumnbcxP95t","action":"Initial GetUpdates", "result":"", "context":Reason: NEWLY_SUPPORTED_DATATYPE. cV=yV/byVb/q01YumnbcxP95t}
{"logTime": "0602/075255", "correlationVector":"yV/byVb/q01YumnbcxP95t.1","action":"SyncServerConnectionManagerRequest", "result":"SYNC_SERVER_OK", "context":{"environment":"Prod_southeastasia_prod-s01-065-apac-southeastasia", "migrationStage":"NotStarted", "server":"akswtt008000029"}}
{"logTime": "0602/075255", "correlationVector":"yV/byVb/q01YumnbcxP95t.2","action":"ProcessGetUpdates", "result":"Done", "context":{"dataType":"History", "deleted":"0", "process_failed_to_decrypt":"0", "process_pending_decryption":"0", "process_success":"250", "total":"250"}}
{"logTime": "0602/075255", "correlationVector":"yV/byVb/q01YumnbcxP95t.3","action":"GetUpdates Response", "result":"Success", "context":Received 250 update(s). cV=yV/byVb/q01YumnbcxP95t.0;server=akswtt008000029;cloudType=Consumer;environment=Prod_southeastasia_prod-s01-065-apac-southeastasia;migrationStage=NotStarted Some updates remain.}
{"logTime": "0602/075255", "correlationVector":"mBgGUJe03sbZZDgEh1a+i+","action":"Initial GetUpdates", "result":"", "context":Reason: NEWLY_SUPPORTED_DATATYPE. cV=mBgGUJe03sbZZDgEh1a+i+}
{"logTime": "0602/075256", "correlationVector":"mBgGUJe03sbZZDgEh1a+i+.1","action":"SyncServerConnectionManagerRequest", "result":"SYNC_SERVER_OK", "context":{"environment":"Prod_southeastasia_prod-s01-065-apac-southeastasia", "migrationStage":"NotStarted", "server":"akswtt008000029"}}
{"logTime": "0602/075256", "correlationVector":"mBgGUJe03sbZZDgEh1a+i+.2","action":"ProcessGetUpdates", "result":"Done", "context":{"dataType":"History", "deleted":"0", "process_failed_to_decrypt":"0", "process_pending_decryption":"0", "process_success":"250", "total":"250"}}
{"logTime": "0602/075256", "correlationVector":"mBgGUJe03sbZZDgEh1a+i+.3","action":"GetUpdates Response", "result":"Success", "context":Received 250 update(s). cV=mBgGUJe03sbZZDgEh1a+i+.0;server=akswtt008000029;cloudType=Consumer;environment=Prod_southeastasia_prod-s01-065-apac-southeastasia;migrationStage=NotStarted Some updates remain.}
{"logTime": "0602/075256", "correlationVector":"FViFj62P+Y6xk7GgqV+BfT","action":"Initial GetUpdates", "result":"", "context":Reason: NEWLY_SUPPORTED_DATATYPE. cV=FViFj62P+Y6xk7GgqV+BfT}
{"logTime": "0602/075258", "correlationVector":"FViFj62P+Y6xk7GgqV+BfT.1","action":"SyncServerConnectionManagerRequest", "result":"SYNC_SERVER_OK", "context":{"environment":"Prod_southeastasia_prod-s01-065-apac-southeastasia", "migrationStage":"NotStarted", "server":"akswtt00800000a"}}
{"logTime": "0602/075258", "correlationVector":"FViFj62P+Y6xk7GgqV+BfT.2","action":"ProcessGetUpdates", "result":"Done", "context":{"dataType":"History", "deleted":"0", "process_failed_to_decrypt":"0", "process_pending_decryption":"0", "process_success":"250", "total":"250"}}
{"logTime": "0602/075258", "correlationVector":"FViFj62P+Y6xk7GgqV+BfT.3","action":"GetUpdates Response", "result":"Success", "context":Received 250 update(s). cV=FViFj62P+Y6xk7GgqV+BfT.0;server=akswtt00800000a;cloudType=Consumer;environment=Prod_southeastasia_prod-s01-065-apac-southeastasia;migrationStage=NotStarted Some updates remain.}
{"logTime": "0602/075258", "correlationVector":"SPVxL9VTSyYERs07UfvZXT","action":"Initial GetUpdates", "result":"", "context":Reason: NEWLY_SUPPORTED_DATATYPE. cV=SPVxL9VTSyYERs07UfvZXT}
{"logTime": "0602/075258", "correlationVector":"SPVxL9VTSyYERs07UfvZXT.1","action":"SyncServerConnectionManagerRequest", "result":"SYNC_SERVER_OK", "context":{"environment":"Prod_southeastasia_prod-s01-065-apac-southeastasia", "migrationStage":"NotStarted", "server":"akswtt00800000a"}}
{"logTime": "0602/075258", "correlationVector":"SPVxL9VTSyYERs07UfvZXT.2","action":"ProcessGetUpdates", "result":"Done", "context":{"dataType":"History", "deleted":"0", "process_failed_to_decrypt":"0", "process_pending_decryption":"0", "process_success":"250", "total":"250"}}
{"logTime": "0602/075258", "correlationVector":"SPVxL9VTSyYERs07UfvZXT.3","action":"GetUpdates Response", "result":"Success", "context":Received 250 update(s). cV=SPVxL9VTSyYERs07UfvZXT.0;server=akswtt00800000a;cloudType=Consumer;environment=Prod_southeastasia_prod-s01-065-apac-southeastasia;migrationStage=NotStarted Some updates remain.}
{"logTime": "0602/075258", "correlationVector":"LjRFhJUl4lL2zp0W9r7sDV","action":"Initial GetUpdates", "result":"", "context":Reason: NEWLY_SUPPORTED_DATATYPE. cV=LjRFhJUl4lL2zp0W9r7sDV}
{"logTime": "0602/075259", "correlationVector":"LjRFhJUl4lL2zp0W9r7sDV.1","action":"SyncServerConnectionManagerRequest", "result":"SYNC_SERVER_OK", "context":{"environment":"Prod_southeastasia_prod-s01-065-apac-southeastasia", "migrationStage":"NotStarted", "server":"akswtt00800003o"}}
{"logTime": "0602/075259", "correlationVector":"LjRFhJUl4lL2zp0W9r7sDV.2","action":"ProcessGetUpdates", "result":"Done", "context":{"dataType":"History", "deleted":"0", "process_failed_to_decrypt":"0", "process_pending_decryption":"0", "process_success":"250", "total":"250"}}
{"logTime": "0602/075259", "correlationVector":"LjRFhJUl4lL2zp0W9r7sDV.3","action":"GetUpdates Response", "result":"Success", "context":Received 250 update(s). cV=LjRFhJUl4lL2zp0W9r7sDV.0;server=akswtt00800003o;cloudType=Consumer;environment=Prod_southeastasia_prod-s01-065-apac-southeastasia;migrationStage=NotStarted Some updates remain.}
{"logTime": "0602/075259", "correlationVector":"LlNjwDN0TfZRODjZOTOPJc","action":"Initial GetUpdates", "result":"", "context":Reason: NEWLY_SUPPORTED_DATATYPE. cV=LlNjwDN0TfZRODjZOTOPJc}
{"logTime": "0602/075300", "correlationVector":"LlNjwDN0TfZRODjZOTOPJc.1","action":"SyncServerConnectionManagerRequest", "result":"SYNC_SERVER_OK", "context":{"environment":"Prod_southeastasia_prod-s01-065-apac-southeastasia", "migrationStage":"NotStarted", "server":"akswtt00800003o"}}
{"logTime": "0602/075300", "correlationVector":"LlNjwDN0TfZRODjZOTOPJc.2","action":"ProcessGetUpdates", "result":"Done", "context":{"dataType":"History", "deleted":"0", "process_failed_to_decrypt":"0", "process_pending_decryption":"0", "process_success":"250", "total":"250"}}
{"logTime": "0602/075300", "correlationVector":"LlNjwDN0TfZRODjZOTOPJc.3","action":"GetUpdates Response", "result":"Success", "context":Received 250 update(s). cV=LlNjwDN0TfZRODjZOTOPJc.0;server=akswtt00800003o;cloudType=Consumer;environment=Prod_southeastasia_prod-s01-065-apac-southeastasia;migrationStage=NotStarted Some updates remain.}
{"logTime": "0602/075300", "correlationVector":"aXCuLQgYu61BDMSS5bO6/y","action":"Initial GetUpdates", "result":"", "context":Reason: NEWLY_SUPPORTED_DATATYPE. cV=aXCuLQgYu61BDMSS5bO6/y}
{"logTime": "0602/075301", "correlationVector":"aXCuLQgYu61BDMSS5bO6/y.1","action":"SyncServerConnectionManagerRequest", "result":"SYNC_SERVER_OK", "context":{"environment":"Prod_southeastasia_prod-s01-065-apac-southeastasia", "migrationStage":"NotStarted", "server":"akswtt00800001p"}}
{"logTime": "0602/075301", "correlationVector":"aXCuLQgYu61BDMSS5bO6/y.2","action":"ProcessGetUpdates", "result":"Done", "context":{"dataType":"History", "deleted":"0", "process_failed_to_decrypt":"0", "process_pending_decryption":"0", "process_success":"250", "total":"250"}}
{"logTime": "0602/075301", "correlationVector":"aXCuLQgYu61BDMSS5bO6/y.3","action":"GetUpdates Response", "result":"Success", "context":Received 250 update(s). cV=aXCuLQgYu61BDMSS5bO6/y.0;server=akswtt00800001p;cloudType=Consumer;environment=Prod_southeastasia_prod-s01-065-apac-southeastasia;migrationStage=NotStarted Some updates remain.}
{"logTime": "0602/075301", "correlationVector":"mABx/Y2pEIad6/V8CuIheW","action":"Initial GetUpdates", "result":"", "context":Reason: NEWLY_SUPPORTED_DATATYPE. cV=mABx/Y2pEIad6/V8CuIheW}
{"logTime": "0602/075302", "correlationVector":"mABx/Y2pEIad6/V8CuIheW.1","action":"SyncServerConnectionManagerRequest", "result":"SYNC_SERVER_OK", "context":{"environment":"Prod_southeastasia_prod-s01-065-apac-southeastasia", "migrationStage":"NotStarted", "server":"akswtt00800001r"}}
{"logTime": "0602/075302", "correlationVector":"mABx/Y2pEIad6/V8CuIheW.2","action":"ProcessGetUpdates", "result":"Done", "context":{"dataType":"History", "deleted":"0", "process_failed_to_decrypt":"0", "process_pending_decryption":"0", "process_success":"94", "total":"94"}}
{"logTime": "0602/075302", "correlationVector":"mABx/Y2pEIad6/V8CuIheW.3","action":"GetUpdates Response", "result":"Success", "context":Received 94 update(s). cV=mABx/Y2pEIad6/V8CuIheW.0;server=akswtt00800001r;cloudType=Consumer;environment=Prod_southeastasia_prod-s01-065-apac-southeastasia;migrationStage=NotStarted}
{"logTime": "0602/075302", "correlationVector":"RHUFUdIUDZ/1VBeICg9rWp","action":"Normal GetUpdate request", "result":"", "context":cV=RHUFUdIUDZ/1VBeICg9rWp
Nudged types: Preferences, Passwords, Sessions, Device Info, User Consents
Refresh requested types: Bookmarks, Preferences, Passwords, Autofill Profiles, Autofill, Extensions, Sessions, Extension settings, History Delete Directives, Device Info, User Consents, Send Tab To Self, Web Apps, History, Saved Tab Group, WebAuthn Credentials, Collection, Edge E Drop, Edge Hub App Usage, Edge Wallet, Encryption Keys}
{"logTime": "0602/075302", "correlationVector":"RHUFUdIUDZ/1VBeICg9rWp.1","action":"SyncServerConnectionManagerRequest", "result":"SYNC_SERVER_OK", "context":{"environment":"Prod_southeastasia_prod-s01-065-apac-southeastasia", "migrationStage":"NotStarted", "server":"akswtt00800002d"}}
{"logTime": "0602/075302", "correlationVector":"RHUFUdIUDZ/1VBeICg9rWp.2","action":"ProcessGetUpdates", "result":"Done", "context":{"dataType":"Preferences", "deleted":"0", "process_failed_to_decrypt":"0", "process_pending_decryption":"0", "process_success":"1", "total":"1"}}
{"logTime": "0602/075302", "correlationVector":"RHUFUdIUDZ/1VBeICg9rWp.3","action":"ProcessGetUpdates", "result":"Done", "context":{"dataType":"Device Info", "deleted":"0", "process_failed_to_decrypt":"0", "process_pending_decryption":"0", "process_success":"1", "total":"1"}}
{"logTime": "0602/075302", "correlationVector":"RHUFUdIUDZ/1VBeICg9rWp.4","action":"GetUpdates Response", "result":"Success", "context":Received 2 update(s). cV=RHUFUdIUDZ/1VBeICg9rWp.0;server=akswtt00800002d;cloudType=Consumer;environment=Prod_southeastasia_prod-s01-065-apac-southeastasia;migrationStage=NotStarted}
{"logTime": "0602/075302", "correlationVector":"FSimWoq25pfLE3stRiRdNY","action":"Commit Request", "result":"", "context":Item count: 24
Contributing types: Preferences, Passwords, Sessions, Device Info, User Consents}
{"logTime": "0602/075304", "correlationVector":"FSimWoq25pfLE3stRiRdNY.1","action":"SyncServerConnectionManagerRequest", "result":"SYNC_SERVER_OK", "context":{"environment":"Prod_southeastasia_prod-s01-065-apac-southeastasia", "migrationStage":"NotStarted", "server":"akswtt00800002e"}}
{"logTime": "0602/075304", "correlationVector":"FSimWoq25pfLE3stRiRdNY.2","action":"Commit Response", "result":"Success", "context":Result: Success. cV=FSimWoq25pfLE3stRiRdNY.0;server=akswtt00800002e;cloudType=Consumer;environment=Prod_southeastasia_prod-s01-065-apac-southeastasia;migrationStage=NotStarted}
{"logTime": "0602/075317", "correlationVector":"Q/SItt7qupCiFLakyKyuIM","action":"Commit Request", "result":"", "context":Item count: 18
Contributing types: Passwords}
{"logTime": "0602/075319", "correlationVector":"Q/SItt7qupCiFLakyKyuIM.1","action":"SyncServerConnectionManagerRequest", "result":"SYNC_SERVER_OK", "context":{"environment":"Prod_southeastasia_prod-s01-065-apac-southeastasia", "migrationStage":"NotStarted", "server":"akswtt008000032"}}
{"logTime": "0602/075319", "correlationVector":"Q/SItt7qupCiFLakyKyuIM.2","action":"Commit Response", "result":"Success", "context":Result: Success. cV=Q/SItt7qupCiFLakyKyuIM.0;server=akswtt008000032;cloudType=Consumer;environment=Prod_southeastasia_prod-s01-065-apac-southeastasia;migrationStage=NotStarted}
{"logTime": "0602/080030", "correlationVector":"6zhYUJJGYYgYvcRmIE5kfw.1","action":"SyncServerConnectionManagerRequest", "result":"SYNC_SERVER_OK", "context":{"environment":"Prod_southeastasia_prod-s01-064-apac-southeastasia", "migrationStage":"NotStarted", "server":"akswtt008000029"}}
{"logTime": "0602/080030", "correlationVector":"6zhYUJJGYYgYvcRmIE5kfw.2","action":"ProcessGetUpdates", "result":"Done", "context":{"dataType":"Encryption Keys", "deleted":"0", "process_failed_to_decrypt":"0", "process_pending_decryption":"0", "process_success":"1", "total":"1"}}
{"logTime": "0602/080031", "correlationVector":"N6XV3DrWjbCes3j8mUXX1a","action":"SyncServerConnectionManagerRequest", "result":"SYNC_SERVER_OK", "context":{"environment":"", "migrationStage":"", "server":""}}
{"logTime": "0602/080031", "correlationVector":"N6XV3DrWjbCes3j8mUXX1a.0","action":"EncryptionKeysFetcher.DownloadKeys:", "result":"Success", "context":Key count: 5, Last key timestamp: 2025-02-22T10:13:02Z}
{"logTime": "0602/080031", "correlationVector":"N6XV3DrWjbCes3j8mUXX1a.1","action":"EncryptionKeysManager::SetEncryptionKeys:", "result":"Success", "context":Key names[5]:[7R0aKWoVJpMXWjMETnS0MwZCWb/huxfn2JZ5AHHn5af/L1unITs4K77aPl/o2CeyWQOV91iA55fzmUdF49UoqA==][535kJ2rQqC+9pFz3qc98Sme16wbindar8btLSnKyr281Z8t3P91Ipjyg652sY4ixqdySRnuGZDunLU6GGbTKrA==][0SEeSUcUTk4n8yWYVzspvcs2Mvgt1khISdYXf1zaBi6ZfxsTOVGDCmo3uaiRRZ24qAyVY9oGGzWCtFHOeig7hw==][SKEsNGmE+B718WWco9SoirjuzE+yMYr5GWijVGIDh3Ic4t+pwBprgK68rV4io3PojKDzpdubxK41llFzlqTnIw==][aPdgSuBBjaNV81NQR2XJwFurd7Is2GWL4RYuVNwDodPkStyGm+Agohwrs3GDtLCd5hV7YOCFvq6dRUDpavCojQ==]}
{"logTime": "0602/080031", "correlationVector":"N6XV3DrWjbCes3j8mUXX1a.2","action":"EncryptionKeysManager::SetEncryptionKeysWithTimestamps:", "result":"Success", "context":Key timestamps[5]:[2023-02-28T14:15:29Z][2023-08-30T10:52:48Z][2024-02-27T02:15:30Z][2024-08-26T06:05:47Z][2025-02-22T10:13:02Z]}
{"logTime": "0602/080031", "correlationVector":"6zhYUJJGYYgYvcRmIE5kfw","action":"Initial GetUpdates", "result":"", "context":Reason: NEW_CLIENT. cV=6zhYUJJGYYgYvcRmIE5kfw}
{"logTime": "0602/080031", "correlationVector":"6zhYUJJGYYgYvcRmIE5kfw.3","action":"GetUpdates Response", "result":"Success", "context":Received 1 update(s). cV=6zhYUJJGYYgYvcRmIE5kfw.0;server=akswtt008000029;cloudType=Consumer;environment=Prod_southeastasia_prod-s01-064-apac-southeastasia;migrationStage=NotStarted}
{"logTime": "0602/080031", "correlationVector":"y15yZJDHAxMoOThVQ5kzeP","action":"Initial GetUpdates", "result":"", "context":Reason: NEWLY_SUPPORTED_DATATYPE. cV=y15yZJDHAxMoOThVQ5kzeP}
{"logTime": "0602/080032", "correlationVector":"y15yZJDHAxMoOThVQ5kzeP.1","action":"SyncServerConnectionManagerRequest", "result":"SYNC_SERVER_OK", "context":{"environment":"Prod_southeastasia_prod-s01-064-apac-southeastasia", "migrationStage":"NotStarted", "server":"akswtt00800002r"}}
{"logTime": "0602/080032", "correlationVector":"y15yZJDHAxMoOThVQ5kzeP.2","action":"ProcessGetUpdates", "result":"Done", "context":{"dataType":"Passwords", "deleted":"1", "process_failed_to_decrypt":"0", "process_pending_decryption":"0", "process_success":"20", "total":"20"}}
{"logTime": "0602/080032", "correlationVector":"y15yZJDHAxMoOThVQ5kzeP.3","action":"GetUpdates Response", "result":"Success", "context":Received 20 update(s). cV=y15yZJDHAxMoOThVQ5kzeP.0;server=akswtt00800002r;cloudType=Consumer;environment=Prod_southeastasia_prod-s01-064-apac-southeastasia;migrationStage=NotStarted}
{"logTime": "0602/080032", "correlationVector":"hzWiM2faqZKk7lD7thWiS3","action":"Normal GetUpdate request", "result":"", "context":cV=hzWiM2faqZKk7lD7thWiS3
Nudged types: Sessions, Device Info, History
Refresh requested types: Bookmarks, Preferences, Passwords, Autofill Profiles, Autofill, Extensions, Sessions, Extension settings, History Delete Directives, Device Info, User Consents, Send Tab To Self, Web Apps, History, Saved Tab Group, WebAuthn Credentials, Collection, Edge E Drop, Edge Hub App Usage, Edge Wallet, Encryption Keys}
{"logTime": "0602/080033", "correlationVector":"hzWiM2faqZKk7lD7thWiS3.1","action":"SyncServerConnectionManagerRequest", "result":"SYNC_SERVER_OK", "context":{"environment":"Prod_southeastasia_prod-s01-064-apac-southeastasia", "migrationStage":"NotStarted", "server":"akswtt00800000o"}}
{"logTime": "0602/080033", "correlationVector":"hzWiM2faqZKk7lD7thWiS3.2","action":"ProcessGetUpdates", "result":"Done", "context":{"dataType":"Preferences", "deleted":"0", "process_failed_to_decrypt":"0", "process_pending_decryption":"0", "process_success":"2", "total":"2"}}
{"logTime": "0602/080033", "correlationVector":"hzWiM2faqZKk7lD7thWiS3.3","action":"ProcessGetUpdates", "result":"Done", "context":{"dataType":"Sessions", "deleted":"1", "process_failed_to_decrypt":"0", "process_pending_decryption":"0", "process_success":"4", "total":"4"}}
{"logTime": "0602/080033", "correlationVector":"hzWiM2faqZKk7lD7thWiS3.4","action":"ProcessGetUpdates", "result":"Done", "context":{"dataType":"Device Info", "deleted":"0", "process_failed_to_decrypt":"0", "process_pending_decryption":"0", "process_success":"2", "total":"2"}}
{"logTime": "0602/080033", "correlationVector":"hzWiM2faqZKk7lD7thWiS3.5","action":"ProcessGetUpdates", "result":"Done", "context":{"dataType":"History", "deleted":"0", "process_failed_to_decrypt":"0", "process_pending_decryption":"0", "process_success":"5", "total":"5"}}
{"logTime": "0602/080033", "correlationVector":"hzWiM2faqZKk7lD7thWiS3.6","action":"GetUpdates Response", "result":"Success", "context":Received 13 update(s). cV=hzWiM2faqZKk7lD7thWiS3.0;server=akswtt00800000o;cloudType=Consumer;environment=Prod_southeastasia_prod-s01-064-apac-southeastasia;migrationStage=NotStarted}
{"logTime": "0602/080033", "correlationVector":"ITrl0pTChufjHgoHw6fOfv","action":"Commit Request", "result":"", "context":Item count: 1
Contributing types: Device Info}
{"logTime": "0602/080034", "correlationVector":"ITrl0pTChufjHgoHw6fOfv.1","action":"SyncServerConnectionManagerRequest", "result":"SYNC_SERVER_OK", "context":{"environment":"Prod_southeastasia_prod-s01-064-apac-southeastasia", "migrationStage":"NotStarted", "server":"akswtt008000001"}}
{"logTime": "0602/080034", "correlationVector":"ITrl0pTChufjHgoHw6fOfv.2","action":"Commit Response", "result":"Success", "context":Result: Success. cV=ITrl0pTChufjHgoHw6fOfv.0;server=akswtt008000001;cloudType=Consumer;environment=Prod_southeastasia_prod-s01-064-apac-southeastasia;migrationStage=NotStarted}
{"logTime": "0602/080037", "correlationVector":"2LGS7Nn7FkyxYPoynQ5pBT","action":"Commit Request", "result":"", "context":Item count: 21
Contributing types: Preferences, Passwords, Sessions}
{"logTime": "0602/080040", "correlationVector":"2LGS7Nn7FkyxYPoynQ5pBT.1","action":"SyncServerConnectionManagerRequest", "result":"SYNC_SERVER_OK", "context":{"environment":"Prod_southeastasia_prod-s01-064-apac-southeastasia", "migrationStage":"NotStarted", "server":"akswtt008000021"}}
{"logTime": "0602/080040", "correlationVector":"2LGS7Nn7FkyxYPoynQ5pBT.2","action":"Commit Response", "result":"Success", "context":Result: Success. cV=2LGS7Nn7FkyxYPoynQ5pBT.0;server=akswtt008000021;cloudType=Consumer;environment=Prod_southeastasia_prod-s01-064-apac-southeastasia;migrationStage=NotStarted}
{"logTime": "0602/152440", "correlationVector":"rXu92dk57kDT3UmxuZYYgG.1","action":"SyncServerConnectionManagerRequest", "result":"SYNC_SERVER_OK", "context":{"environment":"Prod_southeastasia_prod-s01-064-apac-southeastasia", "migrationStage":"NotStarted", "server":"akswtt00800001r"}}
{"logTime": "0602/152440", "correlationVector":"rXu92dk57kDT3UmxuZYYgG.2","action":"ProcessGetUpdates", "result":"Done", "context":{"dataType":"Encryption Keys", "deleted":"0", "process_failed_to_decrypt":"0", "process_pending_decryption":"0", "process_success":"1", "total":"1"}}
{"logTime": "0602/152440", "correlationVector":"HMpOAwwz+mVvwGAkHp8fUT","action":"SyncServerConnectionManagerRequest", "result":"SYNC_SERVER_OK", "context":{"environment":"", "migrationStage":"", "server":""}}
{"logTime": "0602/152440", "correlationVector":"HMpOAwwz+mVvwGAkHp8fUT.0","action":"EncryptionKeysFetcher.DownloadKeys:", "result":"Success", "context":Key count: 5, Last key timestamp: 2025-02-22T10:13:02Z}
{"logTime": "0602/152440", "correlationVector":"HMpOAwwz+mVvwGAkHp8fUT.1","action":"EncryptionKeysManager::SetEncryptionKeys:", "result":"Success", "context":Key names[5]:[7R0aKWoVJpMXWjMETnS0MwZCWb/huxfn2JZ5AHHn5af/L1unITs4K77aPl/o2CeyWQOV91iA55fzmUdF49UoqA==][535kJ2rQqC+9pFz3qc98Sme16wbindar8btLSnKyr281Z8t3P91Ipjyg652sY4ixqdySRnuGZDunLU6GGbTKrA==][0SEeSUcUTk4n8yWYVzspvcs2Mvgt1khISdYXf1zaBi6ZfxsTOVGDCmo3uaiRRZ24qAyVY9oGGzWCtFHOeig7hw==][SKEsNGmE+B718WWco9SoirjuzE+yMYr5GWijVGIDh3Ic4t+pwBprgK68rV4io3PojKDzpdubxK41llFzlqTnIw==][aPdgSuBBjaNV81NQR2XJwFurd7Is2GWL4RYuVNwDodPkStyGm+Agohwrs3GDtLCd5hV7YOCFvq6dRUDpavCojQ==]}
{"logTime": "0602/152440", "correlationVector":"HMpOAwwz+mVvwGAkHp8fUT.2","action":"EncryptionKeysManager::SetEncryptionKeysWithTimestamps:", "result":"Success", "context":Key timestamps[5]:[2023-02-28T14:15:29Z][2023-08-30T10:52:48Z][2024-02-27T02:15:30Z][2024-08-26T06:05:47Z][2025-02-22T10:13:02Z]}
{"logTime": "0602/152440", "correlationVector":"rXu92dk57kDT3UmxuZYYgG","action":"Initial GetUpdates", "result":"", "context":Reason: NEW_CLIENT. cV=rXu92dk57kDT3UmxuZYYgG}
{"logTime": "0602/152440", "correlationVector":"rXu92dk57kDT3UmxuZYYgG.3","action":"GetUpdates Response", "result":"Success", "context":Received 1 update(s). cV=rXu92dk57kDT3UmxuZYYgG.0;server=akswtt00800001r;cloudType=Consumer;environment=Prod_southeastasia_prod-s01-064-apac-southeastasia;migrationStage=NotStarted}
{"logTime": "0602/152440", "correlationVector":"mcm8J4n6SOXuSk70XwkxtG","action":"Initial GetUpdates", "result":"", "context":Reason: NEWLY_SUPPORTED_DATATYPE. cV=mcm8J4n6SOXuSk70XwkxtG}
{"logTime": "0602/152441", "correlationVector":"mcm8J4n6SOXuSk70XwkxtG.1","action":"SyncServerConnectionManagerRequest", "result":"SYNC_SERVER_OK", "context":{"environment":"Prod_southeastasia_prod-s01-064-apac-southeastasia", "migrationStage":"NotStarted", "server":"akswtt00800000a"}}
{"logTime": "0602/152441", "correlationVector":"mcm8J4n6SOXuSk70XwkxtG.2","action":"ProcessGetUpdates", "result":"Done", "context":{"dataType":"Passwords", "deleted":"1", "process_failed_to_decrypt":"0", "process_pending_decryption":"0", "process_success":"20", "total":"20"}}
{"logTime": "0602/152441", "correlationVector":"mcm8J4n6SOXuSk70XwkxtG.3","action":"GetUpdates Response", "result":"Success", "context":Received 20 update(s). cV=mcm8J4n6SOXuSk70XwkxtG.0;server=akswtt00800000a;cloudType=Consumer;environment=Prod_southeastasia_prod-s01-064-apac-southeastasia;migrationStage=NotStarted}
{"logTime": "0602/152441", "correlationVector":"Je+USwC1ZDIxTDV8BL64QM","action":"Normal GetUpdate request", "result":"", "context":cV=Je+USwC1ZDIxTDV8BL64QM
Nudged types: Sessions, Device Info, History
Refresh requested types: Bookmarks, Preferences, Passwords, Autofill Profiles, Autofill, Extensions, Sessions, Extension settings, History Delete Directives, Device Info, User Consents, Send Tab To Self, Web Apps, History, Saved Tab Group, WebAuthn Credentials, Collection, Edge E Drop, Edge Hub App Usage, Edge Wallet, Encryption Keys}
{"logTime": "0602/152442", "correlationVector":"Je+USwC1ZDIxTDV8BL64QM.1","action":"SyncServerConnectionManagerRequest", "result":"SYNC_SERVER_OK", "context":{"environment":"Prod_southeastasia_prod-s01-064-apac-southeastasia", "migrationStage":"NotStarted", "server":"akswtt008000027"}}
{"logTime": "0602/152442", "correlationVector":"Je+USwC1ZDIxTDV8BL64QM.2","action":"ProcessGetUpdates", "result":"Done", "context":{"dataType":"Preferences", "deleted":"0", "process_failed_to_decrypt":"0", "process_pending_decryption":"0", "process_success":"4", "total":"4"}}
{"logTime": "0602/152442", "correlationVector":"Je+USwC1ZDIxTDV8BL64QM.3","action":"ProcessGetUpdates", "result":"Done", "context":{"dataType":"Sessions", "deleted":"6", "process_failed_to_decrypt":"0", "process_pending_decryption":"0", "process_success":"11", "total":"11"}}
{"logTime": "0602/152442", "correlationVector":"Je+USwC1ZDIxTDV8BL64QM.4","action":"ProcessGetUpdates", "result":"Done", "context":{"dataType":"Device Info", "deleted":"0", "process_failed_to_decrypt":"0", "process_pending_decryption":"0", "process_success":"2", "total":"2"}}
{"logTime": "0602/152442", "correlationVector":"Je+USwC1ZDIxTDV8BL64QM.5","action":"ProcessGetUpdates", "result":"Done", "context":{"dataType":"History", "deleted":"0", "process_failed_to_decrypt":"0", "process_pending_decryption":"0", "process_success":"48", "total":"48"}}
{"logTime": "0602/152442", "correlationVector":"Je+USwC1ZDIxTDV8BL64QM.6","action":"ProcessGetUpdates", "result":"Done", "context":{"dataType":"Edge Hub App Usage", "deleted":"4", "process_failed_to_decrypt":"0", "process_pending_decryption":"0", "process_success":"4", "total":"4"}}
{"logTime": "0602/152442", "correlationVector":"Je+USwC1ZDIxTDV8BL64QM.7","action":"GetUpdates Response", "result":"Success", "context":Received 69 update(s). cV=Je+USwC1ZDIxTDV8BL64QM.0;server=akswtt008000027;cloudType=Consumer;environment=Prod_southeastasia_prod-s01-064-apac-southeastasia;migrationStage=NotStarted}
{"logTime": "0602/152442", "correlationVector":"xEN7lhHpXEOq8PL52mkNlk","action":"Commit Request", "result":"", "context":Item count: 1
Contributing types: Device Info}
{"logTime": "0602/152442", "correlationVector":"xEN7lhHpXEOq8PL52mkNlk.1","action":"SyncServerConnectionManagerRequest", "result":"SYNC_SERVER_OK", "context":{"environment":"Prod_southeastasia_prod-s01-064-apac-southeastasia", "migrationStage":"NotStarted", "server":"akswtt00800000a"}}
{"logTime": "0602/152442", "correlationVector":"xEN7lhHpXEOq8PL52mkNlk.2","action":"Commit Response", "result":"Success", "context":Result: Success. cV=xEN7lhHpXEOq8PL52mkNlk.0;server=akswtt00800000a;cloudType=Consumer;environment=Prod_southeastasia_prod-s01-064-apac-southeastasia;migrationStage=NotStarted}
{"logTime": "0602/152444", "correlationVector":"5D0ygJZ3K3JhnGuGd6GKyX","action":"Commit Request", "result":"", "context":Item count: 19
Contributing types: Preferences, Passwords}
{"logTime": "0602/152445", "correlationVector":"5D0ygJZ3K3JhnGuGd6GKyX.1","action":"SyncServerConnectionManagerRequest", "result":"SYNC_SERVER_OK", "context":{"environment":"Prod_southeastasia_prod-s01-065-apac-southeastasia", "migrationStage":"NotStarted", "server":"akswtt00800003y"}}
{"logTime": "0602/152445", "correlationVector":"5D0ygJZ3K3JhnGuGd6GKyX.2","action":"Commit Response", "result":"Success", "context":Result: Success. cV=5D0ygJZ3K3JhnGuGd6GKyX.0;server=akswtt00800003y;cloudType=Consumer;environment=Prod_southeastasia_prod-s01-065-apac-southeastasia;migrationStage=NotStarted}
{"logTime": "0602/152503", "correlationVector":"DCuOV3qTWrPGQWe+X+D0/f","action":"Normal GetUpdate request", "result":"", "context":cV=DCuOV3qTWrPGQWe+X+D0/f
Nudged types: Sessions, History
Notified types: Device Info}
{"logTime": "0602/152504", "correlationVector":"DCuOV3qTWrPGQWe+X+D0/f.1","action":"SyncServerConnectionManagerRequest", "result":"SYNC_SERVER_OK", "context":{"environment":"Prod_southeastasia_prod-s01-064-apac-southeastasia", "migrationStage":"NotStarted", "server":"akswtt00800003g"}}
{"logTime": "0602/152504", "correlationVector":"DCuOV3qTWrPGQWe+X+D0/f.2","action":"ProcessGetUpdates", "result":"Done", "context":{"dataType":"Preferences", "deleted":"0", "process_failed_to_decrypt":"0", "process_pending_decryption":"0", "process_success":"1", "total":"1"}}
{"logTime": "0602/152504", "correlationVector":"DCuOV3qTWrPGQWe+X+D0/f.3","action":"ProcessGetUpdates", "result":"Done", "context":{"dataType":"Passwords", "deleted":"0", "process_failed_to_decrypt":"0", "process_pending_decryption":"0", "process_success":"18", "total":"18"}}
{"logTime": "0602/152504", "correlationVector":"DCuOV3qTWrPGQWe+X+D0/f.4","action":"ProcessGetUpdates", "result":"Done", "context":{"dataType":"Sessions", "deleted":"0", "process_failed_to_decrypt":"0", "process_pending_decryption":"0", "process_success":"1", "total":"1"}}
{"logTime": "0602/152504", "correlationVector":"DCuOV3qTWrPGQWe+X+D0/f.5","action":"ProcessGetUpdates", "result":"Done", "context":{"dataType":"Device Info", "deleted":"0", "process_failed_to_decrypt":"0", "process_pending_decryption":"0", "process_success":"2", "total":"2"}}
{"logTime": "0602/152504", "correlationVector":"DCuOV3qTWrPGQWe+X+D0/f.6","action":"GetUpdates Response", "result":"Success", "context":Received 22 update(s). cV=DCuOV3qTWrPGQWe+X+D0/f.0;server=akswtt00800003g;cloudType=Consumer;environment=Prod_southeastasia_prod-s01-064-apac-southeastasia;migrationStage=NotStarted}
{"logTime": "0602/152504", "correlationVector":"Xq7PJ2NTX9K1Jwf5LASz3Y","action":"DoCompareDataConsistency: ", "result":"has local changes and skip compare"}
{"logTime": "0602/152504", "correlationVector":"pwMvwczLnE0astEc420pOS","action":"Commit Request", "result":"", "context":Item count: 3
Contributing types: Sessions, History}
{"logTime": "0602/152504", "correlationVector":"pwMvwczLnE0astEc420pOS.1","action":"SyncServerConnectionManagerRequest", "result":"SYNC_SERVER_OK", "context":{"environment":"Prod_southeastasia_prod-s01-064-apac-southeastasia", "migrationStage":"NotStarted", "server":"akswtt00800002e"}}
{"logTime": "0602/152504", "correlationVector":"pwMvwczLnE0astEc420pOS.2","action":"Commit Response", "result":"Success", "context":Result: Success. cV=pwMvwczLnE0astEc420pOS.0;server=akswtt00800002e;cloudType=Consumer;environment=Prod_southeastasia_prod-s01-064-apac-southeastasia;migrationStage=NotStarted}
{"logTime": "0602/152506", "correlationVector":"56gy/Oql6IovyQa+nwCVjv","action":"Normal GetUpdate request", "result":"", "context":cV=56gy/Oql6IovyQa+nwCVjv
Nudged types: Sessions, History
Notified types: Preferences}
{"logTime": "0602/152506", "correlationVector":"56gy/Oql6IovyQa+nwCVjv.1","action":"SyncServerConnectionManagerRequest", "result":"SYNC_SERVER_OK", "context":{"environment":"Prod_southeastasia_prod-s01-064-apac-southeastasia", "migrationStage":"NotStarted", "server":"akswtt00800002c"}}
{"logTime": "0602/152506", "correlationVector":"56gy/Oql6IovyQa+nwCVjv.2","action":"ProcessGetUpdates", "result":"Done", "context":{"dataType":"Preferences", "deleted":"0", "process_failed_to_decrypt":"0", "process_pending_decryption":"0", "process_success":"1", "total":"1"}}
{"logTime": "0602/152506", "correlationVector":"56gy/Oql6IovyQa+nwCVjv.3","action":"ProcessGetUpdates", "result":"Done", "context":{"dataType":"Sessions", "deleted":"0", "process_failed_to_decrypt":"0", "process_pending_decryption":"0", "process_success":"3", "total":"3"}}
{"logTime": "0602/152506", "correlationVector":"56gy/Oql6IovyQa+nwCVjv.4","action":"ProcessGetUpdates", "result":"Done", "context":{"dataType":"History", "deleted":"0", "process_failed_to_decrypt":"0", "process_pending_decryption":"0", "process_success":"1", "total":"1"}}
{"logTime": "0602/152506", "correlationVector":"56gy/Oql6IovyQa+nwCVjv.5","action":"GetUpdates Response", "result":"Success", "context":Received 5 update(s). cV=56gy/Oql6IovyQa+nwCVjv.0;server=akswtt00800002c;cloudType=Consumer;environment=Prod_southeastasia_prod-s01-064-apac-southeastasia;migrationStage=NotStarted}
